File: adv-application-of-derivatives.json Question ID: undefined Type: MCQ is Multi because of correct options
File: adv-application-of-derivatives.json Question ID: undefined Type: MCQ is Multi because of correct options
File: adv-application-of-derivatives.json Question ID: undefined Type: MCQ is Multi because of correct options
File: adv-application-of-derivatives.json Question ID: undefined Type: MCQ is Multi because of correct options
File: adv-application-of-derivatives.json Question ID: undefined Type: MCQ is Multi because of correct options
File: adv-application-of-derivatives.json Question ID: undefined Type: MCQ is Multi because of correct options
File: adv-application-of-derivatives.json Question ID: undefined Type: MCQ is Multi because of correct options
File: adv-application-of-derivatives.json Question ID: undefined Type: MCQ is Multi because of correct options
File: adv-application-of-derivatives.json Question ID: undefined Type: MCQ is Multi because of correct options
File: adv-application-of-derivatives.json Question ID: undefined Type: MCQ is Multi because of correct options
File: adv-application-of-derivatives.json Question ID: undefined Type: MCQ is Multi because of correct options
File: adv-application-of-derivatives.json Question ID: undefined Type: MCQ is Multi because of correct options
File: adv-application-of-derivatives.json Question ID: undefined Type: MCQ is Multi because of correct options
File: adv-application-of-derivatives.json Question ID: undefined Type: MCQ is Multi because of correct options
File: adv-application-of-derivatives.json Question ID: undefined Type: MCQ is Multi because of correct options
File: adv-application-of-derivatives.json Question ID: undefined Type: MCQ is Multi because of correct options
File: adv-application-of-derivatives.json Question ID: undefined Type: MCQ is Multi because of correct options
File: adv-application-of-derivatives.json Question ID: undefined Type: MCQ is Multi because of correct options
File: adv-application-of-derivatives.json Question ID: undefined Type: MCQ is Multi because of correct options
File: adv-application-of-derivatives.json Question ID: undefined Type: MCQ is Multi because of correct options
File: adv-application-of-derivatives.json Question ID: undefined Type: MCQ is Multi because of correct options
File: adv-application-of-derivatives.json Question ID: undefined Type: MCQ is Multi because of correct options
File: adv-application-of-derivatives.json Question ID: undefined Type: MCQ is Multi because of correct options
File: adv-application-of-derivatives.json Question ID: undefined Type: MCQ is Multi because of correct options
File: adv-application-of-derivatives.json Question ID: undefined Type: MCQ is Multi because of correct options
File: adv-application-of-derivatives.json Question ID: undefined Type: MCQ is Multi because of correct options
File: adv-application-of-derivatives.json Question ID: undefined Type: MCQ is Multi because of correct options
File: adv-application-of-derivatives.json Question ID: undefined Type: MCQ is Multi because of correct options
